 WindowsDriver

 Timestamp is 69dd010c (Mon Apr 13 16:43:24 2026)

 Preferred load address is 0000000140000000

 Start         Length     Name                   Class
 0001:00000000 000035b0H .text$mn                CODE
 0001:000035b0 00000050H .text$mn$00             CODE
 0001:00003600 00000840H .text$mn$21             CODE
 0001:00003e40 0000081eH .text$s                 CODE
 0002:00000000 00001000H fogrp                   CODE
 0003:00000000 00000148H .idata$5                DATA
 0003:00000148 00000038H .00cfg                  DATA
 0003:00000178 00000000H .gfids$y                DATA
 0003:00000180 00001680H .rdata                  DATA
 0003:00001800 00000000H .rdata$CastGuardVftablesA DATA
 0003:00001800 00000000H .rdata$CastGuardVftablesC DATA
 0003:00001800 000001d8H .rdata$zzzdbg           DATA
 0003:000019d8 000001f0H .xdata                  DATA
 0004:00000000 00000290H .data                   DATA
 0004:00000290 0000bf48H .bss                    DATA
 0005:00000000 000001c8H .pdata                  DATA
 0006:00000000 00000000H INIT                    CODE
 0006:00000000 00000014H .idata$2                CODE
 0006:00000014 00000014H .idata$3                CODE
 0006:00000028 00000148H .idata$4                CODE
 0006:00000170 00000302H .idata$6                CODE

  Address         Publics by Value              Rva+Base               Lib:Object

 0000:00000000       __AbsoluteZero             0000000000000000     <absolute>
 0000:00000000       ___safe_se_handler_count   0000000000000000     <absolute>
 0000:00000000       ___safe_se_handler_table   0000000000000000     <absolute>
 0000:00000000       __arm64x_extra_rfe_table   0000000000000000     <absolute>
 0000:00000000       __arm64x_extra_rfe_table_size 0000000000000000     <absolute>
 0000:00000000       __arm64x_native_entrypoint 0000000000000000     <absolute>
 0000:00000000       __arm64x_redirection_metadata 0000000000000000     <absolute>
 0000:00000000       __arm64x_redirection_metadata_count 0000000000000000     <absolute>
 0000:00000000       __enclave_config           0000000000000000     <absolute>
 0000:00000000       __guard_check_icall_a64n_fptr 0000000000000000     <absolute>
 0000:00000000       __guard_eh_cont_count      0000000000000000     <absolute>
 0000:00000000       __guard_eh_cont_table      0000000000000000     <absolute>
 0000:00000000       __guard_fids_count         0000000000000000     <absolute>
 0000:00000000       __guard_fids_table         0000000000000000     <absolute>
 0000:00000000       __guard_iat_count          0000000000000000     <absolute>
 0000:00000000       __guard_iat_table          0000000000000000     <absolute>
 0000:00000000       __guard_longjmp_count      0000000000000000     <absolute>
 0000:00000000       __guard_longjmp_table      0000000000000000     <absolute>
 0000:00000000       __hybrid_auxiliary_delayload_iat 0000000000000000     <absolute>
 0000:00000000       __hybrid_auxiliary_delayload_iat_copy 0000000000000000     <absolute>
 0000:00000000       __hybrid_auxiliary_iat     0000000000000000     <absolute>
 0000:00000000       __hybrid_auxiliary_iat_copy 0000000000000000     <absolute>
 0000:00000000       __hybrid_code_map          0000000000000000     <absolute>
 0000:00000000       __hybrid_code_map_count    0000000000000000     <absolute>
 0000:00000000       __hybrid_image_info_bitfield 0000000000000000     <absolute>
 0000:00000000       __volatile_metadata        0000000000000000     <absolute>
 0000:00000000       __x64_code_ranges_to_entry_points 0000000000000000     <absolute>
 0000:00000000       __x64_code_ranges_to_entry_points_count 0000000000000000     <absolute>
 0000:00000100       __guard_flags              0000000000000100     <absolute>
 0000:00000000       __ImageBase                0000000140000000     <linker-defined>
 0001:00000000       ?RtlStringCbPrintfW@@YAJPEAG_KPEBGZZ 0000000140001000 f i main.obj
 0001:00000080       ?WriteToProtectedMem@@YAEPEAXPEAEK@Z 0000000140001080 f   main.obj
 0001:00000dc4       ?pattern_check@kmdf_utils@@YA_NPEBD00@Z 0000000140001dc4 f   main.obj
 0001:00000e1c       ?FindPatternImage@kmdf_utils@@YAPEAXPEAXPEBD1@Z 0000000140001e1c f   main.obj
 0001:000011c0       ?GetModuleBase@kmdf_utils@@YAPEAXPEBD@Z 00000001400021c0 f   main.obj
 0001:000015c0       ?change_ioc@kmdf_utils@@YA_NPEAU_IO_STACK_LOCATION@@PEAU_IRP@@P6AJPEAU_DEVICE_OBJECT@@1PEAX@Z@Z 00000001400025c0 f   main.obj
 0001:00001634       ?FindFakeNicMac@@YA_NPEAD@Z 0000000140002634 f   main.obj
 0001:00001894       ?my_nic_ioc_handle@@YAJPEAU_DEVICE_OBJECT@@PEAU_IRP@@PEAX@Z 0000000140002894 f   main.obj
 0001:00001908       ?my_mac_handle_control@@YAJPEAU_DEVICE_OBJECT@@PEAU_IRP@@@Z 0000000140002908 f   main.obj
 0001:00001c60       ?spoof@mac_@@QEAA_NXZ      0000000140002c60 f i main.obj
 0001:000023ac       ?GetString@@YAPEADPEAUSMBIOS_HEADER@@E@Z 00000001400033ac f   main.obj
 0001:00002558       ?RandomizeString@@YAXPEAD@Z 0000000140003558 f   main.obj
 0001:00002a4c       ?spoof_boot_uuid@@YAXXZ    0000000140003a4c f   main.obj
 0001:00002b38       ?ProcessTable@@YAJPEAUSMBIOS_HEADER@@@Z 0000000140003b38 f   main.obj
 0001:00002e08       ?spoof@motherboard_@@QEAAJXZ 0000000140003e08 f i main.obj
 0001:00003078       ?DriverEntry@@YAJPEAU_DRIVER_OBJECT@@PEAU_UNICODE_STRING@@@Z 0000000140004078 f   main.obj
 0001:0000313c       ??$ShellCodeGenerator@JP6AJPEAXU_MM_COPY_ADDRESS@@_KKPEA_K@ZAEAPEAXAEAU1@AEA_K$$QEAH$$QEAPEA_K@CallSpoofer@@YAJP6AJPEAXU_MM_COPY_ADDRESS@@_KKPEA_K@ZAEAPEAXAEAU1@AEA_KAEAHAEAPEA_K@Z 000000014000413c f i main.obj
 0001:00003198       ??$ShellCodeGenerator@XP6AXPEAU_MDL@@DW4_LOCK_OPERATION@@@ZAEAPEAU1@$$QEAW4_MODE@@$$QEAW42@@CallSpoofer@@YAXP6AXPEAU_MDL@@DW4_LOCK_OPERATION@@@ZAEAPEAU1@AEAW4_MODE@@AEAW42@@Z 0000000140004198 f i main.obj
 0001:000031d4       ??$ShellCodeGenerator@XP6AXPEAU_MDL@@@ZAEAPEAU1@@CallSpoofer@@YAXP6AXPEAU_MDL@@@ZAEAPEAU1@@Z 00000001400041d4 f i main.obj
 0001:000031d4       ??$ShellCodeGenerator@_KP6A_KPEBD@ZAEAPEBD@CallSpoofer@@YA_KP6A_KPEBD@ZAEAPEBD@Z 00000001400041d4 f i main.obj
 0001:00003204       ??$ShellCodeGenerator@JP6AJPEAU_MDL@@K@ZAEAPEAU1@$$QEAH@CallSpoofer@@YAJP6AJPEAU_MDL@@K@ZAEAPEAU1@AEAH@Z 0000000140004204 f i main.obj
 0001:00003204       ??$ShellCodeGenerator@XP6AXPEAXK@ZAEAPEAD$$QEAH@CallSpoofer@@YAXP6AXPEAXK@ZAEAPEADAEAH@Z 0000000140004204 f i main.obj
 0001:00003204       ??$ShellCodeGenerator@XP6AXPEAXK@ZAEAPEAU_SYSTEM_MODULE_INFORMATION@@$$QEAH@CallSpoofer@@YAXP6AXPEAXK@ZAEAPEAU_SYSTEM_MODULE_INFORMATION@@AEAH@Z 0000000140004204 f i main.obj
 0001:0000323c       ??$ShellCodeGenerator@XP6AXPEAXPEAU_MDL@@@ZAEAPEAXAEAPEAU1@@CallSpoofer@@YAXP6AXPEAXPEAU_MDL@@@ZAEAPEAXAEAPEAU1@@Z 000000014000423c f i main.obj
 0001:00003274       ??$ShellCodeGenerator@PEAXP6APEAXPEAXPEBX_K@ZAEAPEAXAEAPEAEAEAK@CallSpoofer@@YAPEAXP6APEAXPEAXPEBX_K@ZAEAPEAXAEAPEAEAEAK@Z 0000000140004274 f i main.obj
 0001:000032b0       ??$ShellCodeGenerator@HP6AHPEBX0_K@ZAEAY07EAEAY05$$CBD$$QEAH@CallSpoofer@@YAHP6AHPEBX0_K@ZAEAY07EAEAY05$$CBDAEAH@Z 00000001400042b0 f i main.obj
 0001:000032ec       ??$ShellCodeGenerator@PEAXP6APEAXW4_POOL_TYPE@@_KK@Z$$QEAW41@$$QEAK$$QEAH@CallSpoofer@@YAPEAXP6APEAXW4_POOL_TYPE@@_KK@ZAEAW41@AEAKAEAH@Z 00000001400042ec f i main.obj
 0001:00003324       ??$ShellCodeGenerator@XP6AXPEA_KE@Z$$QEAPEA_KAEAE@CallSpoofer@@YAXP6AXPEA_KE@ZAEAPEA_KAEAE@Z 0000000140004324 f i main.obj
 0001:0000335c       ??$ReadRegistry@_J@kmdf_communication@@YA_JU_UNICODE_STRING@@0@Z 000000014000435c f i main.obj
 0001:00003478       ??$ShellCodeGenerator@PEAXP6APEAXW4_POOL_TYPE@@_KK@Z$$QEAW41@AEBH$$QEAH@CallSpoofer@@YAPEAXP6APEAXW4_POOL_TYPE@@_KK@ZAEAW41@AEBHAEAH@Z 0000000140004478 f i main.obj
 0001:000034b0       __C_specific_handler       00000001400044b0 f   ntoskrnl:ntoskrnl.exe
 0001:000034c0       strlen                     00000001400044c0 f   ntoskrnl:ntoskrnl.exe
 0001:000034d0       strcmp                     00000001400044d0 f   ntoskrnl:ntoskrnl.exe
 0001:000034d6       wcslen                     00000001400044d6 f   ntoskrnl:ntoskrnl.exe
 0001:000034dc       __cpu_features_init        00000001400044dc f   ntoskrnl:cpuinfo.obj
 0001:000035a0       _guard_check_icall_nop     00000001400045a0 f i BufferOverflowFastFailK:guard_check.obj
 0001:000035c0       _guard_dispatch_icall_nop  00000001400045c0 f   BufferOverflowFastFailK:guard_dispatch.obj
 0001:000035e0       _guard_xfg_dispatch_icall_nop 00000001400045e0 f   BufferOverflowFastFailK:guard_xfg_dispatch.obj
 0001:00003600       memcpy                     0000000140004600 f   ntoskrnl:memcpy.obj
 0001:00003600       memmove                    0000000140004600 f   ntoskrnl:memcpy.obj
 0001:000038c0       memcmp                     00000001400048c0 f   ntoskrnl:memcmp.obj
 0001:000039c0       memset                     00000001400049c0 f   ntoskrnl:memset.obj
 0001:000039c0       memset_$fo_default$        00000001400049c0     ntoskrnl:memset.obj
 0001:00003b00       __memset_repmovs           0000000140004b00 f   ntoskrnl:memset.obj
 0001:00003b80       __memset_query             0000000140004b80 f   ntoskrnl:memset.obj
 0001:00003bc0       __memset_spec_ermsb        0000000140004bc0 f   ntoskrnl:memset_spec_ermsb.obj
 0001:00003d00       __memset_spec_ermsb_repmovsb 0000000140004d00 f   ntoskrnl:memset_spec_ermsb.obj
 0001:00003d40       __memset_spec_plain        0000000140004d40 f   ntoskrnl:memset_spec_plain.obj
 0001:00003e40       ??_C@_04MACJHNNO@OSSD@FNODOBFM@ 0000000140004e40     main.obj
 0001:00003e50       ??_C@_0N@FJBNMICO@ntoskrnl?4exe@FNODOBFM@ 0000000140004e50     main.obj
 0001:00003e60       ??_C@_05GCIAPODO@?4text@FNODOBFM@ 0000000140004e60     main.obj
 0001:00003e70       ??_C@_0FH@DAPLHBGK@?$FLNIC?$FN?5MAC?5cached?5?$FL?$CFd?$FN?3?5?$CF02X?3?$CF02@FNODOBFM@ 0000000140004e70     main.obj
 0001:00003ed0       ??_C@_1EG@GEOEFBDH@?$AA?2?$AAR?$AAe?$AAg?$AAi?$AAs?$AAt?$AAr?$AAy?$AA?2?$AAM?$AAa?$AAc?$AAh?$AAi@FNODOBFM@ 0000000140004ed0     main.obj
 0001:00003f20       ??_C@_13BFLGCPEB@?$AAP@FNODOBFM@ 0000000140004f20     main.obj
 0001:00003f30       ??_C@_15DDPIKKIE@?$AAN?$AA1@FNODOBFM@ 0000000140004f30     main.obj
 0001:00003f40       ??_C@_15CBENAFGK@?$AAN?$AA2@FNODOBFM@ 0000000140004f40     main.obj
 0001:00003f50       ??_C@_15JJPBGCAP@?$AAN?$AA3@FNODOBFM@ 0000000140004f50     main.obj
 0001:00003f60       ??_C@_15ECGFKLG@?$AAN?$AA4@FNODOBFM@ 0000000140004f60     main.obj
 0001:00003f70       ??_C@_15LMJKDNND@?$AAN?$AA5@FNODOBFM@ 0000000140004f70     main.obj
 0001:00003f80       ??_C@_15KOCPJCDN@?$AAN?$AA6@FNODOBFM@ 0000000140004f80     main.obj
 0001:00003f90       ??_C@_0DM@LHGKIDLO@?$FLNIC?$FN?5FAIL?3?5NDIS?5offsets?5not?5in@FNODOBFM@ 0000000140004f90     main.obj
 0001:00003fd0       ??_C@_0FF@OBFDKAOF@?$FLNIC?$FN?5PDB?5offsets?3?5GFL?$DN0x?$CFllX?5N@FNODOBFM@ 0000000140004fd0     main.obj
 0001:00004030       ??_C@_08BCCHIOIC@ndis?4sys@FNODOBFM@ 0000000140005030     main.obj
 0001:00004040       ??_C@_0CF@DBLFEKMC@?$FLNIC?$FN?5FAIL?3?5ndis?4sys?5base?5not?5f@FNODOBFM@ 0000000140005040     main.obj
 0001:00004070       ??_C@_0BJ@BMGJHONE@?$FLNIC?$FN?5ndis?4sys?5base?3?5?$CFp?6@FNODOBFM@ 0000000140005070     main.obj
 0001:00004090       ??_C@_0DF@FNHKLHNI@?$FLNIC?$FN?5FAIL?3?5ndisGlobalFilterLis@FNODOBFM@ 0000000140005090     main.obj
 0001:000040d0       ??_C@_1BI@DCJDKAPC@?$AA?2?$AAD?$AAe?$AAv?$AAi?$AAc?$AAe?$AA?2?$AA?$CF?$AAw?$AAs@FNODOBFM@ 00000001400050d0     main.obj
 0001:000040f0       ??_C@_1CA@EGPGHIEB@?$AA?2?$AAD?$AAr?$AAi?$AAv?$AAe?$AAr?$AA?2?$AAn?$AAd?$AAi?$AAs?$AAw?$AAa?$AAn@FNODOBFM@ 00000001400050f0     main.obj
 0001:00004110       ??_C@_0BG@LNBJHHDO@?$FLNIC?$FN?5Hooked?5ndiswan?6@FNODOBFM@ 0000000140005110     main.obj
 0001:00004130       ??_C@_0CE@GDKAFLHN@?$FLNIC?$FN?5Hooked?5net?5interface?5adap@FNODOBFM@ 0000000140005130     main.obj
 0001:00004160       ??_C@_0DC@PAKDNJPD@?$FLNIC?$FN?5Total?5NIC?5hooks?3?5?$CFd?0?5MAC?5@FNODOBFM@ 0000000140005160     main.obj
 0001:000041a0       ??_C@_0DM@ONLIFJME@boot?5GUID?3?5?$CF08X?9?$CF04X?9?$CF04X?9?$CF02X?$CF@FNODOBFM@ 00000001400051a0     main.obj
 0001:000041e0       ??_C@_07PFNBDKPO@r?5?$DN?5?$CFx?6@FNODOBFM@ 00000001400051e0     main.obj
 0001:000041f0       ??_C@_0BI@PPLPKCAA@INVALID?5SMBIOS?5LENGTH?$CB?6@FNODOBFM@ 00000001400051f0     main.obj
 0001:00004210       ??_C@_0CB@LDALLBPO@?$FLKDW11S?$FN?5Found?5Smbios?5Table?5?3?51@FNODOBFM@ 0000000140005210     main.obj
 0001:00004240       ??_C@_0P@INFJFJGL@Default?5string@FNODOBFM@ 0000000140005240     main.obj
 0001:00004250       ??_C@_0BH@GFJGLLLH@To?5Be?5Filled?5By?5O?4E?4M?4@FNODOBFM@ 0000000140005250     main.obj
 0001:00004270       ??_C@_0BF@FBFKDMLN@System?5Serial?5Number@FNODOBFM@ 0000000140005270     main.obj
 0001:00004290       ??_C@_0CB@LBENAPKH@?$FLKDW11S?$FN?5Found?5Smbios?5Table?5?3?52@FNODOBFM@ 0000000140005290     main.obj
 0001:000042c0       ??_C@_0CJ@LLAMAJCE@?$FLKDW11S?$FN?5Motherboard?5Serial?5Bef@FNODOBFM@ 00000001400052c0     main.obj
 0001:000042f0       ??_C@_0CJ@PBJNJGFA@?$FLKDW11S?$FN?5Motherboard?5Serial?5Aft@FNODOBFM@ 00000001400052f0     main.obj
 0001:00004320       ??_C@_0CB@LAIPGFJA@?$FLKDW11S?$FN?5Found?5Smbios?5Table?5?3?53@FNODOBFM@ 0000000140005320     main.obj
 0001:00004350       ??_C@_0CC@IMOKEKOD@?$FLKDW11S?$FN?5Found?5Smbios?5Table?5?3?51@FNODOBFM@ 0000000140005350     main.obj
 0001:00004380       ??_C@_0CC@LMDNBCAN@?$FLKDW11S?$FN?5Found?5Smbios?5Table?5?3?54@FNODOBFM@ 0000000140005380     main.obj
 0001:000043b0       ??_C@_0CB@LFMAHDBF@?$FLKDW11S?$FN?5Found?5Smbios?5Table?5?3?54@FNODOBFM@ 00000001400053b0     main.obj
 0001:000043e0       ??_C@_1IE@FAADGDOH@?$AA?2?$AAR?$AAe?$AAg?$AAi?$AAs?$AAt?$AAr?$AAy?$AA?2?$AAM?$AAa?$AAc?$AAh?$AAi@FNODOBFM@ 00000001400053e0     main.obj
 0001:00004470       ??_C@_1BG@MEHJAEEN@?$AAS?$AAM?$AAB?$AAi?$AAo?$AAs?$AAD?$AAa?$AAt?$AAa@FNODOBFM@ 0000000140005470     main.obj
 0001:00004490       ??_C@_0BI@MCCPACIK@xxx?$DP?$DP?$DP?$DPxxxx?$DPxx?$DP?$DP?$DP?$DPxxx?$DPx@FNODOBFM@ 0000000140005490     main.obj
 0001:000044b0       ??_C@_0BI@LHJPMBBJ@H?$IL?$AN?$AA?$AA?$AA?$AAH?$IF?It?$AA?$IL?$BF?$AA?$AA?$AA?$AAD?$INC?$AA?h@FNODOBFM@ 00000001400054b0     main.obj
 0001:000044d0       ??_C@_0BG@CJOFPIJI@xxx?$DP?$DP?$DP?$DPxxxx?$DPxx?$DP?$DP?$DP?$DPxxx@FNODOBFM@ 00000001400054d0     main.obj
 0001:000044f0       ??_C@_0BG@JPDEMHFO@H?$IL?$AN?$AA?$AA?$AA?$AAH?$IF?It?$AA?$IL?$BF?$AA?$AA?$AA?$AAD?$INC@FNODOBFM@ 00000001400054f0     main.obj
 0001:00004510       ??_C@_0BJ@KMFPAMBM@xx?$DP?$DP?$DP?$DPxxxxxxxxxx?$DP?$DP?$DP?$DPxxxx@FNODOBFM@ 0000000140005510     main.obj
 0001:00004530       ??_C@_0BJ@DIFKHANJ@?$IL?$BN?$AA?$AA?$AA?$AAH?$IL?PD?$IL?CH?$IL?M?h?$AA?$AA?$AA?$AA?$IL?SH?$IL@FNODOBFM@ 0000000140005530     main.obj
 0001:00004550       ??_C@_0BF@BOIJOFKO@xxx?$DP?$DP?$DP?$DPxxxxxxx?$DP?$DP?$DP?$DPxx@FNODOBFM@ 0000000140005550     main.obj
 0001:00004570       ??_C@_0BF@NOJOJNGI@D?$IL?$AF?$AA?$AA?$AA?$AAH?$IL?PH?$IL?N?h?$AA?$AA?$AA?$AA?$IL?$BF@FNODOBFM@ 0000000140005570     main.obj
 0001:00004590       ??_C@_0BN@NEHPNHIH@xxx?$DP?$DP?$DP?$DPxxxxxxx?$DP?$DP?$DP?$DPxx?$DP?$DP?$DP?$DPxxxx@FNODOBFM@ 0000000140005590     main.obj
 0001:000045b0       ??_C@_0BN@MFDODIAO@D?$IL?$AF?$AA?$AA?$AA?$AAH?$IL?PH?$IL?N?h?$AA?$AA?$AA?$AA?$IL?$BF?$AA?$AA?$AA?$AAH?$IL?K?h@FNODOBFM@ 00000001400055b0     main.obj
 0001:000045d0       ??_C@_0P@JLMHNJPK@?$FLWD?$FN?5Seed?3?5?$CFu?6@FNODOBFM@ 00000001400055d0     main.obj
 0001:000045e0       ??_C@_0CH@LLFECEOF@?$FLWD?$FN?5motherboard?4spoof?5EXCEPTIO@FNODOBFM@ 00000001400055e0     main.obj
 0001:00004610       ??_C@_0BP@FFPCBEFF@?$FLWD?$FN?5mac?4spoof?5EXCEPTION?50x?$CFX?6@FNODOBFM@ 0000000140005610     main.obj
 0001:00004630       ??_C@_0CO@LBOOBEEN@?$FLWD?$FN?5DriverEntry?5complete?5?b?$IA?$JE?5s@FNODOBFM@ 0000000140005630     main.obj
 0003:00000000       __imp___C_specific_handler 0000000140007000     ntoskrnl:ntoskrnl.exe
 0003:00000008       __imp_MmIsAddressValid     0000000140007008     ntoskrnl:ntoskrnl.exe
 0003:00000010       __imp_MmUnlockPages        0000000140007010     ntoskrnl:ntoskrnl.exe
 0003:00000018       __imp_ExAllocatePool       0000000140007018     ntoskrnl:ntoskrnl.exe
 0003:00000020       __imp__vsnwprintf          0000000140007020     ntoskrnl:ntoskrnl.exe
 0003:00000028       __imp_KeAcquireSpinLockRaiseToDpc 0000000140007028     ntoskrnl:ntoskrnl.exe
 0003:00000030       __imp_ZwQuerySystemInformation 0000000140007030     ntoskrnl:ntoskrnl.exe
 0003:00000038       __imp_MmProbeAndLockPages  0000000140007038     ntoskrnl:ntoskrnl.exe
 0003:00000040       __imp_DbgPrintEx           0000000140007040     ntoskrnl:ntoskrnl.exe
 0003:00000048       __imp_srand                0000000140007048     ntoskrnl:ntoskrnl.exe
 0003:00000050       __imp_ObfDereferenceObject 0000000140007050     ntoskrnl:ntoskrnl.exe
 0003:00000058       __imp_IoAllocateMdl        0000000140007058     ntoskrnl:ntoskrnl.exe
 0003:00000060       __imp_RtlInitUnicodeString 0000000140007060     ntoskrnl:ntoskrnl.exe
 0003:00000068       __imp_MmMapIoSpace         0000000140007068     ntoskrnl:ntoskrnl.exe
 0003:00000070       __imp_KeInitializeSpinLock 0000000140007070     ntoskrnl:ntoskrnl.exe
 0003:00000078       __imp_MmProtectMdlSystemAddress 0000000140007078     ntoskrnl:ntoskrnl.exe
 0003:00000080       __imp_MmUnmapIoSpace       0000000140007080     ntoskrnl:ntoskrnl.exe
 0003:00000088       __imp_IoGetDeviceObjectPointer 0000000140007088     ntoskrnl:ntoskrnl.exe
 0003:00000090       __imp_KeReleaseSpinLock    0000000140007090     ntoskrnl:ntoskrnl.exe
 0003:00000098       __imp_MmCopyMemory         0000000140007098     ntoskrnl:ntoskrnl.exe
 0003:000000a0       __imp_strlen               00000001400070a0     ntoskrnl:ntoskrnl.exe
 0003:000000a8       __imp_IoFreeMdl            00000001400070a8     ntoskrnl:ntoskrnl.exe
 0003:000000b0       __imp_ExAllocatePoolWithTag 00000001400070b0     ntoskrnl:ntoskrnl.exe
 0003:000000b8       __imp_ZwQueryValueKey      00000001400070b8     ntoskrnl:ntoskrnl.exe
 0003:000000c0       __imp_ExFreePoolWithTag    00000001400070c0     ntoskrnl:ntoskrnl.exe
 0003:000000c8       __imp_ExUuidCreate         00000001400070c8     ntoskrnl:ntoskrnl.exe
 0003:000000d0       __imp_strstr               00000001400070d0     ntoskrnl:ntoskrnl.exe
 0003:000000d8       __imp_ObReferenceObjectByName 00000001400070d8     ntoskrnl:ntoskrnl.exe
 0003:000000e0       __imp_MmUnmapLockedPages   00000001400070e0     ntoskrnl:ntoskrnl.exe
 0003:000000e8       __imp_MmMapLockedPagesSpecifyCache 00000001400070e8     ntoskrnl:ntoskrnl.exe
 0003:000000f0       __imp_IofCompleteRequest   00000001400070f0     ntoskrnl:ntoskrnl.exe
 0003:000000f8       IoDriverObjectType         00000001400070f8     ntoskrnl:ntoskrnl.exe
 0003:000000f8       __imp_IoDriverObjectType   00000001400070f8     ntoskrnl:ntoskrnl.exe
 0003:00000100       __imp_DbgPrint             0000000140007100     ntoskrnl:ntoskrnl.exe
 0003:00000108       __imp_IoGetDeviceInterfaces 0000000140007108     ntoskrnl:ntoskrnl.exe
 0003:00000110       __imp_ZwClose              0000000140007110     ntoskrnl:ntoskrnl.exe
 0003:00000118       __imp_ZwSetValueKey        0000000140007118     ntoskrnl:ntoskrnl.exe
 0003:00000120       __imp_ZwOpenKey            0000000140007120     ntoskrnl:ntoskrnl.exe
 0003:00000128       __imp_MmMapLockedPages     0000000140007128     ntoskrnl:ntoskrnl.exe
 0003:00000130       __imp_strcmp               0000000140007130     ntoskrnl:ntoskrnl.exe
 0003:00000138       __imp_wcslen               0000000140007138     ntoskrnl:ntoskrnl.exe
 0003:00000140       \177ntoskrnl_NULL_THUNK_DATA 0000000140007140     ntoskrnl:ntoskrnl.exe
 0003:00000148       __guard_check_icall_fptr   0000000140007148     BufferOverflowFastFailK:guard_support.obj
 0003:00000150       __guard_dispatch_icall_fptr 0000000140007150     BufferOverflowFastFailK:guard_support.obj
 0003:00000158       __guard_xfg_check_icall_fptr 0000000140007158     BufferOverflowFastFailK:guard_support.obj
 0003:00000160       __guard_xfg_dispatch_icall_fptr 0000000140007160     BufferOverflowFastFailK:guard_support.obj
 0003:00000168       __guard_xfg_table_dispatch_icall_fptr 0000000140007168     BufferOverflowFastFailK:guard_support.obj
 0003:00000170       __castguard_check_failure_os_handled_fptr 0000000140007170     BufferOverflowFastFailK:guard_support.obj
 0003:00001640       _load_config_used          0000000140008640     BufferOverflowFastFailK:loadcfg.obj
 0004:00000000       ?hde64_table@@3PAEA        0000000140009000     hde64.obj
 0004:00000214       ?hwid_seed@kmdf_settings@@3IA 0000000140009214     main.obj
 0004:00000218       ?PGSignature@@3PADA        0000000140009218     main.obj
 0004:00000240       __isa_info                 0000000140009240     ntoskrnl:cpuinfo.obj
 0004:00000280       __security_cookie          0000000140009280     BufferOverflowFastFailK:gs_support.obj
 0004:00000290       ?g_VmxState@Hypervisor@@3U_VMX_STATE@1@A 0000000140009290     visor.obj
 0004:000003a0       ?startup@@3Ustartup_@@A    00000001400093a0     main.obj
 0004:000003a1       ?motherboard@@3Umotherboard_@@A 00000001400093a1     main.obj
 0004:000003a2       ?mac@@3Umac_@@A            00000001400093a2     main.obj
 0004:000003a3       ?registry_motherboard@@3Ureg_mobo_@@A 00000001400093a3     main.obj
 0004:000003a4       ?array_size@@3HA           00000001400093a4     main.obj
 0004:000003b0       ?MR@@3PAU_PHYSICAL_MEMORY_RANGE@@A 00000001400093b0     main.obj
 0004:00000450       ?generatedKey@@3UTPM2B_PUBLIC_KEY_RSA@@A 0000000140009450     main.obj
 0004:00000560       ?g_nic_array@@3PAU_NIC_ARRAY@@A 0000000140009560     main.obj
 0004:000006a0       ?Pages@@3PAUMgrHelper@@A   00000001400096a0     main.obj
 0004:000006f0       ?g_lock@@3_KA              00000001400096f0     main.obj
 0004:00000700       ?SpoofedString@@3PADA      0000000140009700     main.obj
 0004:00000750       ?AA_SerialNumber@@3PAEA    0000000140009750     main.obj
 0004:000007a0       ?SWAPS@@3U_SWAPS@@A        00000001400097a0     main.obj
 0004:00002790       ?USBs@@3UUSBS@@A           000000014000b790     main.obj
 0004:00007010       ?alloc_generator@?1???$?RW4_POOL_TYPE@@KH@?$SafeCall@PEAX$$A6APEAXW4_POOL_TYPE@@_KK@Z@CallSpoofer@@QEAA?A_T$$QEAW4_POOL_TYPE@@$$QEAK$$QEAH@Z@4PAPEAXA 0000000140010010     main.obj
 0004:00007330       ?count@?1???$?RAEAPEBD@?$SafeCall@_K$$A6A_KPEBD@Z@CallSpoofer@@QEAA?A_TAEAPEBD@Z@4_KA 0000000140010330     main.obj
 0004:00007340       ?alloc_generator@?1???$?RAEAPEAXAEAPEAEAEAK@?$SafeCall@PEAX$$A6APEAXPEAXPEBX_K@Z@CallSpoofer@@QEAA?A_TAEAPEAXAEAPEAEAEAK@Z@4PAPEAXA 0000000140010340     main.obj
 0004:00007660       ?orig_generator@?1???$?RAEAPEAXAEAPEAEAEAK@?$SafeCall@PEAX$$A6APEAXPEAXPEBX_K@Z@CallSpoofer@@QEAA?A_TAEAPEAXAEAPEAEAEAK@Z@4PAPEAXA 0000000140010660     main.obj
 0004:00007980       ?orig_generator@?1???$?RW4_POOL_TYPE@@AEBHH@?$SafeCall@PEAX$$A6APEAXW4_POOL_TYPE@@_KK@Z@CallSpoofer@@QEAA?A_T$$QEAW4_POOL_TYPE@@AEBH$$QEAH@Z@4PAPEAXA 0000000140010980     main.obj
 0004:00007ca0       ?orig_generator@?1???$?RAEAPEAU_SYSTEM_MODULE_INFORMATION@@H@?$SafeCall@X$$A6AXPEAXK@Z@CallSpoofer@@QEAA?A_TAEAPEAU_SYSTEM_MODULE_INFORMATION@@$$QEAH@Z@4PAPEAXA 0000000140010ca0     main.obj
 0004:00007fc0       ?alloc_generator@?1???$?RAEAPEBD@?$SafeCall@_K$$A6A_KPEBD@Z@CallSpoofer@@QEAA?A_TAEAPEBD@Z@4PAPEAXA 0000000140010fc0     main.obj
 0004:000082e0       ?orig_generator@?1???$?RAEAPEAU_MDL@@H@?$SafeCall@J$$A6AJPEAU_MDL@@K@Z@CallSpoofer@@QEAA?A_TAEAPEAU_MDL@@$$QEAH@Z@4PAPEAXA 00000001400112e0     main.obj
 0004:00008600       ?alloc_generator@?1???$?RAEAPEADH@?$SafeCall@X$$A6AXPEAXK@Z@CallSpoofer@@QEAA?A_TAEAPEAD$$QEAH@Z@4PAPEAXA 0000000140011600     main.obj
 0004:00008920       ?count@?1???$?RAEAPEAXAEAU_MM_COPY_ADDRESS@@AEA_KHPEA_K@?$SafeCall@J$$A6AJPEAXU_MM_COPY_ADDRESS@@_KKPEA_K@Z@CallSpoofer@@QEAA?A_TAEAPEAXAEAU_MM_COPY_ADDRESS@@AEA_K$$QEAH$$QEAPEA_K@Z@4_KA 0000000140011920     main.obj
 0004:00008930       ?orig_generator@?1???$?RAEAPEADH@?$SafeCall@X$$A6AXPEAXK@Z@CallSpoofer@@QEAA?A_TAEAPEAD$$QEAH@Z@4PAPEAXA 0000000140011930     main.obj
 0004:00008c50       ?orig_generator@?1???$?RAEAY07EAEAY05$$CBDH@?$SafeCall@H$$A6AHPEBX0_K@Z@CallSpoofer@@QEAA?A_TAEAY07EAEAY05$$CBD$$QEAH@Z@4PAPEAXA 0000000140011c50     main.obj
 0004:00008f70       ?alloc_generator@?1???$?RAEAY07EAEAY05$$CBDH@?$SafeCall@H$$A6AHPEBX0_K@Z@CallSpoofer@@QEAA?A_TAEAY07EAEAY05$$CBD$$QEAH@Z@4PAPEAXA 0000000140011f70     main.obj
 0004:00009290       ?count@?1???$?RAEAPEAU_SYSTEM_MODULE_INFORMATION@@H@?$SafeCall@X$$A6AXPEAXK@Z@CallSpoofer@@QEAA?A_TAEAPEAU_SYSTEM_MODULE_INFORMATION@@$$QEAH@Z@4_KA 0000000140012290     main.obj
 0004:000092a0       ?alloc_generator@?1???$?RAEAPEAXAEAU_MM_COPY_ADDRESS@@AEA_KHPEA_K@?$SafeCall@J$$A6AJPEAXU_MM_COPY_ADDRESS@@_KKPEA_K@Z@CallSpoofer@@QEAA?A_TAEAPEAXAEAU_MM_COPY_ADDRESS@@AEA_K$$QEAH$$QEAPEA_K@Z@4PAPEAXA 00000001400122a0     main.obj
 0004:000095c0       ?count@?1???$?RAEAY07EAEAY05$$CBDH@?$SafeCall@H$$A6AHPEBX0_K@Z@CallSpoofer@@QEAA?A_TAEAY07EAEAY05$$CBD$$QEAH@Z@4_KA 00000001400125c0     main.obj
 0004:000095c8       ?count@?1???$?RW4_POOL_TYPE@@KH@?$SafeCall@PEAX$$A6APEAXW4_POOL_TYPE@@_KK@Z@CallSpoofer@@QEAA?A_T$$QEAW4_POOL_TYPE@@$$QEAK$$QEAH@Z@4_KA 00000001400125c8     main.obj
 0004:000095d0       ?orig_generator@?1???$?RAEAPEBD@?$SafeCall@_K$$A6A_KPEBD@Z@CallSpoofer@@QEAA?A_TAEAPEBD@Z@4PAPEAXA 00000001400125d0     main.obj
 0004:000098f0       ?alloc_generator@?1???$?RAEAPEAU_SYSTEM_MODULE_INFORMATION@@H@?$SafeCall@X$$A6AXPEAXK@Z@CallSpoofer@@QEAA?A_TAEAPEAU_SYSTEM_MODULE_INFORMATION@@$$QEAH@Z@4PAPEAXA 00000001400128f0     main.obj
 0004:00009c10       ?orig_generator@?1???$?RAEAPEAXAEAPEAU_MDL@@@?$SafeCall@X$$A6AXPEAXPEAU_MDL@@@Z@CallSpoofer@@QEAA?A_TAEAPEAXAEAPEAU_MDL@@@Z@4PAPEAXA 0000000140012c10     main.obj
 0004:00009f30       ?orig_generator@?1???$?RAEAPEAU_MDL@@@?$SafeCall@X$$A6AXPEAU_MDL@@@Z@CallSpoofer@@QEAA?A_TAEAPEAU_MDL@@@Z@4PAPEAXA 0000000140012f30     main.obj
 0004:0000a250       ?alloc_generator@?1???$?RAEAPEAU_MDL@@W4_MODE@@W4_LOCK_OPERATION@@@?$SafeCall@X$$A6AXPEAU_MDL@@DW4_LOCK_OPERATION@@@Z@CallSpoofer@@QEAA?A_TAEAPEAU_MDL@@$$QEAW4_MODE@@$$QEAW4_LOCK_OPERATION@@@Z@4PAPEAXA 0000000140013250     main.obj
 0004:0000a570       ?count@?1???$?RAEAPEAXAEAPEAEAEAK@?$SafeCall@PEAX$$A6APEAXPEAXPEBX_K@Z@CallSpoofer@@QEAA?A_TAEAPEAXAEAPEAEAEAK@Z@4_KA 0000000140013570     main.obj
 0004:0000a578       ?count@?1???$?RAEAPEAU_MDL@@W4_MODE@@W4_LOCK_OPERATION@@@?$SafeCall@X$$A6AXPEAU_MDL@@DW4_LOCK_OPERATION@@@Z@CallSpoofer@@QEAA?A_TAEAPEAU_MDL@@$$QEAW4_MODE@@$$QEAW4_LOCK_OPERATION@@@Z@4_KA 0000000140013578     main.obj
 0004:0000a580       ?alloc_generator@?1???$?RPEA_KAEAE@?$SafeCall@X$$A6AXPEA_KE@Z@CallSpoofer@@QEAA?A_T$$QEAPEA_KAEAE@Z@4PAPEAXA 0000000140013580     main.obj
 0004:0000a8a0       ?orig_generator@?1???$?RAEAPEAXAEAU_MM_COPY_ADDRESS@@AEA_KHPEA_K@?$SafeCall@J$$A6AJPEAXU_MM_COPY_ADDRESS@@_KKPEA_K@Z@CallSpoofer@@QEAA?A_TAEAPEAXAEAU_MM_COPY_ADDRESS@@AEA_K$$QEAH$$QEAPEA_K@Z@4PAPEAXA 00000001400138a0     main.obj
 0004:0000abc0       ?orig_generator@?1???$?RPEA_KAEAE@?$SafeCall@X$$A6AXPEA_KE@Z@CallSpoofer@@QEAA?A_T$$QEAPEA_KAEAE@Z@4PAPEAXA 0000000140013bc0     main.obj
 0004:0000aee0       ?alloc_generator@?1???$?RAEAPEAU_MDL@@H@?$SafeCall@J$$A6AJPEAU_MDL@@K@Z@CallSpoofer@@QEAA?A_TAEAPEAU_MDL@@$$QEAH@Z@4PAPEAXA 0000000140013ee0     main.obj
 0004:0000b200       ?count@?1???$?RPEA_KAEAE@?$SafeCall@X$$A6AXPEA_KE@Z@CallSpoofer@@QEAA?A_T$$QEAPEA_KAEAE@Z@4_KA 0000000140014200     main.obj
 0004:0000b210       ?orig_generator@?1???$?RAEAPEAU_MDL@@W4_MODE@@W4_LOCK_OPERATION@@@?$SafeCall@X$$A6AXPEAU_MDL@@DW4_LOCK_OPERATION@@@Z@CallSpoofer@@QEAA?A_TAEAPEAU_MDL@@$$QEAW4_MODE@@$$QEAW4_LOCK_OPERATION@@@Z@4PAPEAXA 0000000140014210     main.obj
 0004:0000b530       ?alloc_generator@?1???$?RW4_POOL_TYPE@@AEBHH@?$SafeCall@PEAX$$A6APEAXW4_POOL_TYPE@@_KK@Z@CallSpoofer@@QEAA?A_T$$QEAW4_POOL_TYPE@@AEBH$$QEAH@Z@4PAPEAXA 0000000140014530     main.obj
 0004:0000b850       ?count@?1???$?RAEAPEAXAEAPEAU_MDL@@@?$SafeCall@X$$A6AXPEAXPEAU_MDL@@@Z@CallSpoofer@@QEAA?A_TAEAPEAXAEAPEAU_MDL@@@Z@4_KA 0000000140014850     main.obj
 0004:0000b858       ?count@?1???$?RAEAPEAU_MDL@@H@?$SafeCall@J$$A6AJPEAU_MDL@@K@Z@CallSpoofer@@QEAA?A_TAEAPEAU_MDL@@$$QEAH@Z@4_KA 0000000140014858     main.obj
 0004:0000b860       ?alloc_generator@?1???$?RAEAPEAXAEAPEAU_MDL@@@?$SafeCall@X$$A6AXPEAXPEAU_MDL@@@Z@CallSpoofer@@QEAA?A_TAEAPEAXAEAPEAU_MDL@@@Z@4PAPEAXA 0000000140014860     main.obj
 0004:0000bb80       ?count@?1???$?RW4_POOL_TYPE@@AEBHH@?$SafeCall@PEAX$$A6APEAXW4_POOL_TYPE@@_KK@Z@CallSpoofer@@QEAA?A_T$$QEAW4_POOL_TYPE@@AEBH$$QEAH@Z@4_KA 0000000140014b80     main.obj
 0004:0000bb88       ?count@?1???$?RAEAPEAU_MDL@@@?$SafeCall@X$$A6AXPEAU_MDL@@@Z@CallSpoofer@@QEAA?A_TAEAPEAU_MDL@@@Z@4_KA 0000000140014b88     main.obj
 0004:0000bb90       ?alloc_generator@?1???$?RAEAPEAU_MDL@@@?$SafeCall@X$$A6AXPEAU_MDL@@@Z@CallSpoofer@@QEAA?A_TAEAPEAU_MDL@@@Z@4PAPEAXA 0000000140014b90     main.obj
 0004:0000beb0       ?orig_generator@?1???$?RW4_POOL_TYPE@@KH@?$SafeCall@PEAX$$A6APEAXW4_POOL_TYPE@@_KK@Z@CallSpoofer@@QEAA?A_T$$QEAW4_POOL_TYPE@@$$QEAK$$QEAH@Z@4PAPEAXA 0000000140014eb0     main.obj
 0004:0000c1d0       ?count@?1???$?RAEAPEADH@?$SafeCall@X$$A6AXPEAXK@Z@CallSpoofer@@QEAA?A_TAEAPEAD$$QEAH@Z@4_KA 00000001400151d0     main.obj
 0006:00000000       __IMPORT_DESCRIPTOR_ntoskrnl 0000000140017000     ntoskrnl:ntoskrnl.exe
 0006:00000014       __NULL_IMPORT_DESCRIPTOR   0000000140017014     CNG:cng.sys

 entry point at        0001:00003078

 Static symbols

 0000:fffe7000       .debug$S                   0000000140000000     CNG:cng.sys
 0000:fffe7000       .debug$S                   0000000140000000     CNG:cng.sys
 0000:fffe7000       .debug$S                   0000000140000000     CNG:cng.sys
 0000:fffe7000       .debug$S                   0000000140000000     CNG:cng.sys
 0000:fffe7000       .debug$S                   0000000140000000     CNG:cng.sys
 0000:fffe7000       .debug$S                   0000000140000000     CNG:cng.sys
 0006:fffe9000       .idata$6                   0000000140000000     CNG:cng.sys
 0000:fffe7000       .debug$S                   0000000140000000     ntoskrnl:ntoskrnl.exe
 0000:fffe7000       .debug$S                   0000000140000000     ntoskrnl:ntoskrnl.exe
 0000:fffe7000       .debug$S                   0000000140000000     ntoskrnl:ntoskrnl.exe
 0000:fffe7000       .debug$S                   0000000140000000     ntoskrnl:ntoskrnl.exe
 0000:fffe7000       .debug$S                   0000000140000000     ntoskrnl:ntoskrnl.exe
 0000:fffe7000       .debug$S                   0000000140000000     ntoskrnl:ntoskrnl.exe
 0000:fffe7000       .debug$S                   0000000140000000     ntoskrnl:ntoskrnl.exe
 0000:fffe7000       .debug$S                   0000000140000000     ntoskrnl:ntoskrnl.exe
 0000:fffe7000       .debug$S                   0000000140000000     ntoskrnl:ntoskrnl.exe
 0000:fffe7000       .debug$S                   0000000140000000     ntoskrnl:ntoskrnl.exe
 0000:fffe7000       .debug$S                   0000000140000000     ntoskrnl:ntoskrnl.exe
 0000:fffe7000       .debug$S                   0000000140000000     ntoskrnl:ntoskrnl.exe
 0000:fffe7000       .debug$S                   0000000140000000     ntoskrnl:ntoskrnl.exe
 0000:fffe7000       .debug$S                   0000000140000000     ntoskrnl:ntoskrnl.exe
 0000:fffe7000       .debug$S                   0000000140000000     ntoskrnl:ntoskrnl.exe
 0000:fffe7000       .debug$S                   0000000140000000     ntoskrnl:ntoskrnl.exe
 0000:fffe7000       .debug$S                   0000000140000000     ntoskrnl:ntoskrnl.exe
 0000:fffe7000       .debug$S                   0000000140000000     ntoskrnl:ntoskrnl.exe
 0000:fffe7000       .debug$S                   0000000140000000     ntoskrnl:ntoskrnl.exe
 0000:fffe7000       .debug$S                   0000000140000000     ntoskrnl:ntoskrnl.exe
 0000:fffe7000       .debug$S                   0000000140000000     ntoskrnl:ntoskrnl.exe
 0000:fffe7000       .debug$S                   0000000140000000     ntoskrnl:ntoskrnl.exe
 0000:fffe7000       .debug$S                   0000000140000000     ntoskrnl:ntoskrnl.exe
 0000:fffe7000       .debug$S                   0000000140000000     ntoskrnl:ntoskrnl.exe
 0000:fffe7000       .debug$S                   0000000140000000     ntoskrnl:ntoskrnl.exe
 0000:fffe7000       .debug$S                   0000000140000000     ntoskrnl:ntoskrnl.exe
 0000:fffe7000       .debug$S                   0000000140000000     ntoskrnl:ntoskrnl.exe
 0000:fffe7000       .debug$S                   0000000140000000     ntoskrnl:ntoskrnl.exe
 0000:fffe7000       .debug$S                   0000000140000000     ntoskrnl:ntoskrnl.exe
 0000:fffe7000       .debug$S                   0000000140000000     ntoskrnl:ntoskrnl.exe
 0000:fffe7000       .debug$S                   0000000140000000     ntoskrnl:ntoskrnl.exe
 0000:fffe7000       .debug$S                   0000000140000000     ntoskrnl:ntoskrnl.exe
 0000:fffe7000       .debug$S                   0000000140000000     ntoskrnl:ntoskrnl.exe
 0000:fffe7000       .debug$S                   0000000140000000     ntoskrnl:ntoskrnl.exe
 0000:fffe7000       .debug$S                   0000000140000000     ntoskrnl:ntoskrnl.exe
 0000:fffe7000       .debug$S                   0000000140000000     ntoskrnl:ntoskrnl.exe
 0000:fffe7000       .debug$S                   0000000140000000     ntoskrnl:ntoskrnl.exe
 0000:fffe7000       .debug$S                   0000000140000000     ntoskrnl:ntoskrnl.exe
 0000:fffe7000       .debug$S                   0000000140000000     ntoskrnl:ntoskrnl.exe
 0000:fffe7000       .debug$S                   0000000140000000     ntoskrnl:ntoskrnl.exe
 0000:fffe7000       .debug$S                   0000000140000000     ntoskrnl:ntoskrnl.exe
 0000:fffe7000       .debug$S                   0000000140000000     ntoskrnl:ntoskrnl.exe
 0000:fffe7000       .debug$S                   0000000140000000     ntoskrnl:ntoskrnl.exe
 0000:fffe7000       .debug$S                   0000000140000000     ntoskrnl:ntoskrnl.exe
 0000:fffe7000       .debug$S                   0000000140000000     ntoskrnl:ntoskrnl.exe
 0000:fffe7000       .debug$S                   0000000140000000     ntoskrnl:ntoskrnl.exe
 0000:fffe7000       .debug$S                   0000000140000000     ntoskrnl:ntoskrnl.exe
 0000:fffe7000       .debug$S                   0000000140000000     ntoskrnl:ntoskrnl.exe
 0000:fffe7000       .debug$S                   0000000140000000     ntoskrnl:ntoskrnl.exe
 0000:fffe7000       .debug$S                   0000000140000000     ntoskrnl:ntoskrnl.exe
 0000:fffe7000       .debug$S                   0000000140000000     ntoskrnl:ntoskrnl.exe
 0000:fffe7000       .debug$S                   0000000140000000     ntoskrnl:ntoskrnl.exe
 0000:fffe7000       .debug$S                   0000000140000000     ntoskrnl:ntoskrnl.exe
 0000:fffe7000       .debug$S                   0000000140000000     ntoskrnl:ntoskrnl.exe
 0000:fffe7000       .debug$S                   0000000140000000     ntoskrnl:ntoskrnl.exe
 0000:fffe7000       .debug$S                   0000000140000000     ntoskrnl:ntoskrnl.exe
 0000:fffe7000       .debug$S                   0000000140000000     ntoskrnl:ntoskrnl.exe
 0000:fffe7000       .debug$S                   0000000140000000     ntoskrnl:ntoskrnl.exe
 0000:fffe7000       .debug$S                   0000000140000000     ntoskrnl:ntoskrnl.exe
 0000:fffe7000       .debug$S                   0000000140000000     ntoskrnl:ntoskrnl.exe
 0000:fffe7000       .debug$S                   0000000140000000     ntoskrnl:ntoskrnl.exe
 0000:fffe7000       .debug$S                   0000000140000000     ntoskrnl:ntoskrnl.exe
 0000:fffe7000       .debug$S                   0000000140000000     ntoskrnl:ntoskrnl.exe
 0000:fffe7000       .debug$S                   0000000140000000     ntoskrnl:ntoskrnl.exe
 0000:fffe7000       .debug$S                   0000000140000000     ntoskrnl:ntoskrnl.exe
 0000:fffe7000       .debug$S                   0000000140000000     ntoskrnl:ntoskrnl.exe
 0000:fffe7000       .debug$S                   0000000140000000     ntoskrnl:ntoskrnl.exe
 0000:fffe7000       .debug$S                   0000000140000000     ntoskrnl:ntoskrnl.exe
 0000:fffe7000       .debug$S                   0000000140000000     ntoskrnl:ntoskrnl.exe
 0001:000035c0       $$000000                   00000001400045c0     BufferOverflowFastFailK:guard_dispatch.obj
 0001:000035e0       $$000000                   00000001400045e0     BufferOverflowFastFailK:guard_xfg_dispatch.obj
 0001:00003600       $$000000                   0000000140004600     ntoskrnl:memcpy.obj
 0001:00003620       mcpy00                     0000000140004620     ntoskrnl:memcpy.obj
 0001:00003640       mcpy10                     0000000140004640     ntoskrnl:memcpy.obj
 0001:0000365a       mcpy20                     000000014000465a     ntoskrnl:memcpy.obj
 0001:00003660       mcpy30                     0000000140004660     ntoskrnl:memcpy.obj
 0001:00003680       xcpy00                     0000000140004680     ntoskrnl:memcpy.obj
 0001:000036b1       xcpy10                     00000001400046b1     ntoskrnl:memcpy.obj
 0001:00003700       xcpy13                     0000000140004700     ntoskrnl:memcpy.obj
 0001:0000372f       xcpy15                     000000014000472f     ntoskrnl:memcpy.obj
 0001:00003751       xcpy20                     0000000140004751     ntoskrnl:memcpy.obj
 0001:00003765       xcpy30                     0000000140004765     ntoskrnl:memcpy.obj
 0001:00003780       lcpy00                     0000000140004780     ntoskrnl:memcpy.obj
 0001:000037c0       lcpy10                     00000001400047c0     ntoskrnl:memcpy.obj
 0001:00003800       xmov00                     0000000140004800     ntoskrnl:memcpy.obj
 0001:0000382d       xmov10                     000000014000482d     ntoskrnl:memcpy.obj
 0001:00003840       xmov13                     0000000140004840     ntoskrnl:memcpy.obj
 0001:0000386f       xmov15                     000000014000486f     ntoskrnl:memcpy.obj
 0001:00003891       xmov20                     0000000140004891     ntoskrnl:memcpy.obj
 0001:000038a6       xmov30                     00000001400048a6     ntoskrnl:memcpy.obj
 0001:000038c0       $$000000                   00000001400048c0     ntoskrnl:memcmp.obj
 0001:000038d0       mcmp10                     00000001400048d0     ntoskrnl:memcmp.obj
 0001:000038e2       mcmp20                     00000001400048e2     ntoskrnl:memcmp.obj
 0001:000038eb       mcmp30                     00000001400048eb     ntoskrnl:memcmp.obj
 0001:000038f0       mcmp40                     00000001400048f0     ntoskrnl:memcmp.obj
 0001:000038ff       mcmp_equal                 00000001400048ff     ntoskrnl:memcmp.obj
 0001:00003903       mcmp_not_equal             0000000140004903     ntoskrnl:memcmp.obj
 0001:0000390a       mcmp50                     000000014000490a     ntoskrnl:memcmp.obj
 0001:00003910       mcmp60                     0000000140004910     ntoskrnl:memcmp.obj
 0001:00003947       mcmp70                     0000000140004947     ntoskrnl:memcmp.obj
 0001:00003950       mcmp80                     0000000140004950     ntoskrnl:memcmp.obj
 0001:00003968       mcmp_adjust24              0000000140004968     ntoskrnl:memcmp.obj
 0001:0000396c       mcmp_adjust16              000000014000496c     ntoskrnl:memcmp.obj
 0001:00003970       mcmp_adjust8               0000000140004970     ntoskrnl:memcmp.obj
 0001:00003974       mcmp_adjust0               0000000140004974     ntoskrnl:memcmp.obj
 0001:000039c0       $$000000                   00000001400049c0     ntoskrnl:memset.obj
 0001:000039e2       mset10                     00000001400049e2     ntoskrnl:memset.obj
 0001:000039f8       mset20                     00000001400049f8     ntoskrnl:memset.obj
 0001:00003a21       mset30                     0000000140004a21     ntoskrnl:memset.obj
 0001:00003a50       mset45                     0000000140004a50     ntoskrnl:memset.obj
 0001:00003a56       mset46                     0000000140004a56     ntoskrnl:memset.obj
 0001:00003a80       mset47                     0000000140004a80     ntoskrnl:memset.obj
 0001:00003ab0       mset48                     0000000140004ab0     ntoskrnl:memset.obj
 0001:00003ac6       mset50                     0000000140004ac6     ntoskrnl:memset.obj
 0001:00003b00       $$000000                   0000000140004b00     ntoskrnl:memset.obj
 0001:00003b0a       repmovs10                  0000000140004b0a     ntoskrnl:memset.obj
 0001:00003b3c       repmovs20                  0000000140004b3c     ntoskrnl:memset.obj
 0001:00003b80       $$000000                   0000000140004b80     ntoskrnl:memset.obj
 0001:00003bc0       $$000000                   0000000140004bc0     ntoskrnl:memset_spec_ermsb.obj
 0001:00003bef       mset20                     0000000140004bef     ntoskrnl:memset_spec_ermsb.obj
 0001:00003c18       mset30                     0000000140004c18     ntoskrnl:memset_spec_ermsb.obj
 0001:00003c50       mset45                     0000000140004c50     ntoskrnl:memset_spec_ermsb.obj
 0001:00003c56       mset46                     0000000140004c56     ntoskrnl:memset_spec_ermsb.obj
 0001:00003c80       mset47                     0000000140004c80     ntoskrnl:memset_spec_ermsb.obj
 0001:00003cb0       mset48                     0000000140004cb0     ntoskrnl:memset_spec_ermsb.obj
 0001:00003cc6       mset50                     0000000140004cc6     ntoskrnl:memset_spec_ermsb.obj
 0001:00003d00       $$000000                   0000000140004d00     ntoskrnl:memset_spec_ermsb.obj
 0001:00003d40       $$000000                   0000000140004d40     ntoskrnl:memset_spec_plain.obj
 0001:00003d62       mset20                     0000000140004d62     ntoskrnl:memset_spec_plain.obj
 0001:00003d8b       mset30                     0000000140004d8b     ntoskrnl:memset_spec_plain.obj
 0001:00003dc0       mset45                     0000000140004dc0     ntoskrnl:memset_spec_plain.obj
 0001:00003dc6       mset46                     0000000140004dc6     ntoskrnl:memset_spec_plain.obj
 0001:00003df0       mset47                     0000000140004df0     ntoskrnl:memset_spec_plain.obj
 0001:00003e20       mset48                     0000000140004e20     ntoskrnl:memset_spec_plain.obj
 0001:00003e36       mset50                     0000000140004e36     ntoskrnl:memset_spec_plain.obj
 0003:00000180       ?UsbModels@DiskModels@@3QAY0CJ@$$CBDA 0000000140007180     main.obj
 0003:000004c0       ?HddModels@DiskModels@@3QAY0CJ@$$CBDA 00000001400074c0     main.obj
 0003:00000a10       ?SataSsdModels@DiskModels@@3QAY0CJ@$$CBDA 0000000140007a10     main.obj
 0003:00001080       ?NvmeSsdModels@DiskModels@@3QAY0CJ@$$CBDA 0000000140008080     main.obj
 0003:00001620       ?alphanum@?1??RandomizeString@@YAXPEAD@Z@4QBDB 0000000140008620     main.obj
 0003:000019d8       $unwind$?RtlStringCbPrintfW@@YAJPEAG_KPEBGZZ 00000001400089d8     main.obj
 0003:000019e8       $unwind$?WriteToProtectedMem@@YAEPEAXPEAEK@Z 00000001400089e8     main.obj
 0003:00001a04       $unwind$?pattern_check@kmdf_utils@@YA_NPEBD00@Z 0000000140008a04     main.obj
 0003:00001a18       $unwind$?FindPatternImage@kmdf_utils@@YAPEAXPEAXPEBD1@Z 0000000140008a18     main.obj
 0003:00001a34       $unwind$?GetModuleBase@kmdf_utils@@YAPEAXPEBD@Z 0000000140008a34     main.obj
 0003:00001a50       $unwind$??$ShellCodeGenerator@HP6AHPEBX0_K@ZAEAY07EAEAY05$$CBD$$QEAH@CallSpoofer@@YAHP6AHPEBX0_K@ZAEAY07EAEAY05$$CBDAEAH@Z 0000000140008a50     main.obj
 0003:00001a50       $unwind$??$ShellCodeGenerator@JP6AJPEAU_MDL@@K@ZAEAPEAU1@$$QEAH@CallSpoofer@@YAJP6AJPEAU_MDL@@K@ZAEAPEAU1@AEAH@Z 0000000140008a50     main.obj
 0003:00001a50       $unwind$??$ShellCodeGenerator@PEAXP6APEAXPEAXPEBX_K@ZAEAPEAXAEAPEAEAEAK@CallSpoofer@@YAPEAXP6APEAXPEAXPEBX_K@ZAEAPEAXAEAPEAEAEAK@Z 0000000140008a50     main.obj
 0003:00001a50       $unwind$??$ShellCodeGenerator@PEAXP6APEAXW4_POOL_TYPE@@_KK@Z$$QEAW41@$$QEAK$$QEAH@CallSpoofer@@YAPEAXP6APEAXW4_POOL_TYPE@@_KK@ZAEAW41@AEAKAEAH@Z 0000000140008a50     main.obj
 0003:00001a50       $unwind$??$ShellCodeGenerator@PEAXP6APEAXW4_POOL_TYPE@@_KK@Z$$QEAW41@AEBH$$QEAH@CallSpoofer@@YAPEAXP6APEAXW4_POOL_TYPE@@_KK@ZAEAW41@AEBHAEAH@Z 0000000140008a50     main.obj
 0003:00001a50       $unwind$??$ShellCodeGenerator@XP6AXPEAU_MDL@@@ZAEAPEAU1@@CallSpoofer@@YAXP6AXPEAU_MDL@@@ZAEAPEAU1@@Z 0000000140008a50     main.obj
 0003:00001a50       $unwind$??$ShellCodeGenerator@XP6AXPEAU_MDL@@DW4_LOCK_OPERATION@@@ZAEAPEAU1@$$QEAW4_MODE@@$$QEAW42@@CallSpoofer@@YAXP6AXPEAU_MDL@@DW4_LOCK_OPERATION@@@ZAEAPEAU1@AEAW4_MODE@@AEAW42@@Z 0000000140008a50     main.obj
 0003:00001a50       $unwind$??$ShellCodeGenerator@XP6AXPEAXK@ZAEAPEAD$$QEAH@CallSpoofer@@YAXP6AXPEAXK@ZAEAPEADAEAH@Z 0000000140008a50     main.obj
 0003:00001a50       $unwind$??$ShellCodeGenerator@XP6AXPEAXK@ZAEAPEAU_SYSTEM_MODULE_INFORMATION@@$$QEAH@CallSpoofer@@YAXP6AXPEAXK@ZAEAPEAU_SYSTEM_MODULE_INFORMATION@@AEAH@Z 0000000140008a50     main.obj
 0003:00001a50       $unwind$??$ShellCodeGenerator@XP6AXPEAXPEAU_MDL@@@ZAEAPEAXAEAPEAU1@@CallSpoofer@@YAXP6AXPEAXPEAU_MDL@@@ZAEAPEAXAEAPEAU1@@Z 0000000140008a50     main.obj
 0003:00001a50       $unwind$??$ShellCodeGenerator@XP6AXPEA_KE@Z$$QEAPEA_KAEAE@CallSpoofer@@YAXP6AXPEA_KE@ZAEAPEA_KAEAE@Z 0000000140008a50     main.obj
 0003:00001a50       $unwind$??$ShellCodeGenerator@_KP6A_KPEBD@ZAEAPEBD@CallSpoofer@@YA_KP6A_KPEBD@ZAEAPEBD@Z 0000000140008a50     main.obj
 0003:00001a50       $unwind$?ProcessTable@@YAJPEAUSMBIOS_HEADER@@@Z 0000000140008a50     main.obj
 0003:00001a50       $unwind$?change_ioc@kmdf_utils@@YA_NPEAU_IO_STACK_LOCATION@@PEAU_IRP@@P6AJPEAU_DEVICE_OBJECT@@1PEAX@Z@Z 0000000140008a50     main.obj
 0003:00001a60       $unwind$?FindFakeNicMac@@YA_NPEAD@Z 0000000140008a60     main.obj
 0003:00001a7c       $unwind$?my_nic_ioc_handle@@YAJPEAU_DEVICE_OBJECT@@PEAU_IRP@@PEAX@Z 0000000140008a7c     main.obj
 0003:00001a90       $unwind$?my_mac_handle_control@@YAJPEAU_DEVICE_OBJECT@@PEAU_IRP@@@Z 0000000140008a90     main.obj
 0003:00001aac       $unwind$?spoof@mac_@@QEAA_NXZ 0000000140008aac     main.obj
 0003:00001ac8       $unwind$?GetString@@YAPEADPEAUSMBIOS_HEADER@@E@Z 0000000140008ac8     main.obj
 0003:00001ae0       $unwind$?RandomizeString@@YAXPEAD@Z 0000000140008ae0     main.obj
 0003:00001af8       $unwind$?spoof_boot_uuid@@YAXXZ 0000000140008af8     main.obj
 0003:00001b0c       $unwind$?spoof@motherboard_@@QEAAJXZ 0000000140008b0c     main.obj
 0003:00001b24       $unwind$?DriverEntry@@YAJPEAU_DRIVER_OBJECT@@PEAU_UNICODE_STRING@@@Z 0000000140008b24     main.obj
 0003:00001b58       $unwind$??$ShellCodeGenerator@JP6AJPEAXU_MM_COPY_ADDRESS@@_KKPEA_K@ZAEAPEAXAEAU1@AEA_K$$QEAH$$QEAPEA_K@CallSpoofer@@YAJP6AJPEAXU_MM_COPY_ADDRESS@@_KKPEA_K@ZAEAPEAXAEAU1@AEA_KAEAHAEAPEA_K@Z 0000000140008b58     main.obj
 0003:00001b6c       $unwind$??$ReadRegistry@_J@kmdf_communication@@YA_JU_UNICODE_STRING@@0@Z 0000000140008b6c     main.obj
 0003:00001b80       $xdatasym$_guard_dispatch_icall_nop 0000000140008b80     BufferOverflowFastFailK:guard_dispatch.obj
 0003:00001b80       $xdatasym$_guard_xfg_dispatch_icall_nop 0000000140008b80     BufferOverflowFastFailK:guard_xfg_dispatch.obj
 0003:00001b80       $xdatasym$memcmp           0000000140008b80     ntoskrnl:memcmp.obj
 0003:00001b80       $xdatasym$memcpy           0000000140008b80     ntoskrnl:memcpy.obj
 0003:00001b80       $xdatasym$memset           0000000140008b80     ntoskrnl:memset.obj
 0003:00001b80       $xdatasym$__memset_spec_ermsb 0000000140008b80     ntoskrnl:memset_spec_ermsb.obj
 0003:00001b80       $xdatasym$__memset_spec_plain 0000000140008b80     ntoskrnl:memset_spec_plain.obj
 0003:00001b88       $xdatasym$__memset_repmovs 0000000140008b88     ntoskrnl:memset.obj
 0003:00001b98       $xdatasym$__memset_query   0000000140008b98     ntoskrnl:memset.obj
 0003:00001bac       $unwind$__cpu_features_init 0000000140008bac     ntoskrnl:cpuinfo.obj
 0003:00001bb8       $xdatasym$__memset_spec_ermsb_repmovsb 0000000140008bb8     ntoskrnl:memset_spec_ermsb.obj
 0004:00000220       ?g_smbiosRandState@@3KA    0000000140009220     main.obj
 0004:000003a8       ?g_modelCount@@3HA         00000001400093a8     main.obj
 0004:00003788       ?g_serialCount@@3HA        000000014000c788     main.obj
 0004:0000378c       ?g_macCount@@3HA           000000014000c78c     main.obj
 0004:00003790       ?g_serialCache@@3PAUSerialCacheEntry@@A 000000014000c790     main.obj
 0004:00005890       ?g_modelCache@@3PAUModelCacheEntry@@A 000000014000e890     main.obj
 0004:00006e90       ?g_macCache@@3PAUMacCacheEntry@@A 000000014000fe90     main.obj
 0006:00000450       .idata$6                   0000000140017450     ntoskrnl:ntoskrnl.exe
